// Jest Snapshot v1, https://goo.gl/fbAQLP

exports[`<LoadComponent/> should match a snapshot 1`] = `
<div
  class="relative flex justify-center items-center min-w-full bg-yellow-400 h-2 rounded-md"
>
  <div
    class="absolute animate-ping  w-6/12 rounded-full"
  >
    <div
      class="relative bg-orange-800 h-1 rounded-md "
    />
  </div>
</div>
`;
