// Jest Snapshot v1, https://goo.gl/fbAQLP

exports[`<Drawer/> should match a snapshot 1`] = `
<div
  class="flex sm:flex flex-col bg-white
        w-56 min-h-screen"
>
  <div
    class="flex w-full h-44 border-b-2 items-center justify-center"
  >
    <img
      alt="profile image"
      class="w-24 h-24 rounded-full"
      src="./1678304807285.jpeg"
    />
  </div>
  <a
    href="/pagina-inicial"
  >
    <div
      class="text-black
         cursor-pointer flex w-full justify-between items-center px-11 p-3.5 border-b-2
          hover:bg-neutral-200 hover:text-black false
         "
    >
      <svg
        class="text-xl"
        fill="currentColor"
        height="1em"
        stroke="currentColor"
        stroke-width="0"
        viewBox="0 0 512 512"
        width="1em"
        xmlns="http://www.w3.org/2000/svg"
      >
        <path
          d="M208 448V320h96v128h97.6V256H464L256 64 48 256h62.4v192z"
        />
      </svg>
       
      <p
        class="min-w-24 font-medium"
      >
        Página Inicial
      </p>
    </div>
  </a>
</div>
`;
