// Jest Snapshot v1, https://goo.gl/fbAQLP

exports[`<MenuButtonTools/> should match a snapshot 1`] = `
<button
  class="bg-zinc-800 text-white
    flex items-center px-3 py-2 gap-2 uppercase rounded-md font-roboto
    first:bg-amber-400 first:text-white font-medium hover:border
     hover:border-amber-400 focus:bg-amber-400 focus:text-white
    hover:text-amber-400 hover:stroke- border transition-all"
>
  <svg
    fill="currentColor"
    height="1em"
    stroke="currentColor"
    stroke-width="0"
    viewBox="0 0 256 256"
    width="1em"
    xmlns="http://www.w3.org/2000/svg"
  >
    <path
      d="M228,128a12,12,0,0,1-12,12H140v76a12,12,0,0,1-24,0V140H40a12,12,0,0,1,0-24h76V40a12,12,0,0,1,24,0v76h76A12,12,0,0,1,228,128Z"
    />
  </svg>
  <span
    class="hidden sm:flex"
  >
    star
  </span>
</button>
`;
